Category: 📺央视频道, Name: CCTV-2, Total: 6, Valid: 6, Valid Percent: 100.00%, Whitelist: 0, IPv4: 6, IPv6: 0, Min Delay: 285 ms, Max Speed: 4.04 M/s, Avg Speed: 3.01 M/s, Max Resolution: 1280x720
Category: 📺央视频道, Name: CCTV-3, Total: 7, Valid: 7, Valid Percent: 100.00%, Whitelist: 0, IPv4: 7, IPv6: 0, Min Delay: 550 ms, Max Speed: 6.44 M/s, Avg Speed: 2.75 M/s, Max Resolution: 1920x1080
Category: 📺央视频道, Name: CCTV-4, Total: 4, Valid: 4, Valid Percent: 100.00%, Whitelist: 0, IPv4: 4, IPv6: 0, Min Delay: 285 ms, Max Speed: 6.44 M/s, Avg Speed: 2.83 M/s, Max Resolution: 1920x1080
Category: 📺央视频道, Name: CCTV-5, Total: 12, Valid: 12, Valid Percent: 100.00%, Whitelist: 0, IPv4: 12, IPv6: 0, Min Delay: 285 ms, Max Speed: 6.44 M/s, Avg Speed: 2.53 M/s, Max Resolution: 1920x1080
Category: 📺央视频道, Name: CCTV-5+, Total: 7, Valid: 7, Valid Percent: 100.00%, Whitelist: 0, IPv4: 7, IPv6: 0, Min Delay: 550 ms, Max Speed: 6.44 M/s, Avg Speed: 2.18 M/s, Max Resolution: 1920x1080
Category: 📺央视频道, Name: CCTV-6, Total: 9, Valid: 9, Valid Percent: 100.00%, Whitelist: 0, IPv4: 9, IPv6: 0, Min Delay: 285 ms, Max Speed: 6.44 M/s, Avg Speed: 2.36 M/s, Max Resolution: 1920x1080
Category: 📺央视频道, Name: CCTV-7, Total: 12, Valid: 12, Valid Percent: 100.00%, Whitelist: 0, IPv4: 12, IPv6: 0, Min Delay: 285 ms, Max Speed: 6.44 M/s, Avg Speed: 1.82 M/s, Max Resolution: 1920x1080
Category: 📺央视频道, Name: CCTV-8, Total: 10, Valid: 10, Valid Percent: 100.00%, Whitelist: 0, IPv4: 10, IPv6: 0, Min Delay: 285 ms, Max Speed: 6.44 M/s, Avg Speed: 2.06 M/s, Max Resolution: 1920x1080
Category: 📺央视频道, Name: CCTV-9, Total: 16, Valid: 16, Valid Percent: 100.00%, Whitelist: 0, IPv4: 16, IPv6: 0, Min Delay: 46 ms, Max Speed: 115.97 M/s, Avg Speed: 16.32 M/s, Max Resolution: 1920x1080
Category: 📺央视频道, Name: CCTV-10, Total: 15, Valid: 15, Valid Percent: 100.00%, Whitelist: 0, IPv4: 15, IPv6: 0, Min Delay: 46 ms, Max Speed: 115.97 M/s, Avg Speed: 9.18 M/s, Max Resolution: 1920x1080
Category: 📺央视频道, Name: CCTV-11, Total: 13, Valid: 13, Valid Percent: 100.00%, Whitelist: 0, IPv4: 13, IPv6: 0, Min Delay: 46 ms, Max Speed: 115.97 M/s, Avg Speed: 10.96 M/s, Max Resolution: 1920x1080
Category: 📺央视频道, Name: CCTV-12, Total: 13, Valid: 13, Valid Percent: 100.00%, Whitelist: 0, IPv4: 13, IPv6: 0, Min Delay: 46 ms, Max Speed: 115.97 M/s, Avg Speed: 10.96 M/s, Max Resolution: 1920x1080
Category: 📺央视频道, Name: CCTV-13, Total: 13, Valid: 13, Valid Percent: 100.00%, Whitelist: 0, IPv4: 11, IPv6: 2, Min Delay: 46 ms, Max Speed: 115.97 M/s, Avg Speed: 10.74 M/s, Max Resolution: 1920x1080
Category: 📺央视频道, Name: CCTV-14, Total: 13, Valid: 13, Valid Percent: 100.00%, Whitelist: 0, IPv4: 12, IPv6: 1, Min Delay: 46 ms, Max Speed: 115.97 M/s, Avg Speed: 10.90 M/s, Max Resolution: 1920x1080
Category: 📺央视频道, Name: CCTV-15, Total: 13, Valid: 13, Valid Percent: 100.00%, Whitelist: 0, IPv4: 13, IPv6: 0, Min Delay: 46 ms, Max Speed: 115.97 M/s, Avg Speed: 10.96 M/s, Max Resolution: 1920x1080
Category: 📺央视频道, Name: CCTV-16, Total: 12, Valid: 12, Valid Percent: 100.00%, Whitelist: 0, IPv4: 12, IPv6: 0, Min Delay: 46 ms, Max Speed: 115.97 M/s, Avg Speed: 11.63 M/s, Max Resolution: 1920x1080
Category: 📺央视频道, Name: CCTV-17, Total: 12, Valid: 12, Valid Percent: 100.00%, Whitelist: 0, IPv4: 12, IPv6: 0, Min Delay: 46 ms, Max Speed: 115.97 M/s, Avg Speed: 11.73 M/s, Max Resolution: 1920x1080
Category: 📡卫视频道, Name: 广东卫视, Total: 8, Valid: 8, Valid Percent: 100.00%, Whitelist: 0, IPv4: 8, IPv6: 0, Min Delay: 46 ms, Max Speed: 115.97 M/s, Avg Speed: 16.86 M/s, Max Resolution: 1920x1080
Category: 📡卫视频道, Name: 浙江卫视, Total: 12, Valid: 12, Valid Percent: 100.00%, Whitelist: 0, IPv4: 10, IPv6: 2, Min Delay: 46 ms, Max Speed: 115.97 M/s, Avg Speed: 11.37 M/s, Max Resolution: 1920x1080
Category: 📡卫视频道, Name: 湖南卫视, Total: 15, Valid: 15, Valid Percent: 100.00%, Whitelist: 0, IPv4: 15, IPv6: 0, Min Delay: 18 ms, Max Speed: 115.97 M/s, Avg Speed: 10.26 M/s, Max Resolution: 3840x2160
Category: 📡卫视频道, Name: 北京卫视, Total: 10, Valid: 10, Valid Percent: 100.00%, Whitelist: 0, IPv4: 10, IPv6: 0, Min Delay: 18 ms, Max Speed: 115.97 M/s, Avg Speed: 14.10 M/s, Max Resolution: 1920x1080
Category: 📡卫视频道, Name: 湖北卫视, Total: 9, Valid: 9, Valid Percent: 100.00%, Whitelist: 0, IPv4: 9, IPv6: 0, Min Delay: 18 ms, Max Speed: 115.97 M/s, Avg Speed: 15.09 M/s, Max Resolution: 1920x1080
Category: 📡卫视频道, Name: 黑龙江卫视, Total: 9, Valid: 9, Valid Percent: 100.00%, Whitelist: 0, IPv4: 9, IPv6: 0, Min Delay: 18 ms, Max Speed: 115.97 M/s, Avg Speed: 15.09 M/s, Max Resolution: 1920x1080
Category: 📡卫视频道, Name: 安徽卫视, Total: 10, Valid: 10, Valid Percent: 100.00%, Whitelist: 0, IPv4: 10, IPv6: 0, Min Delay: 46 ms, Max Speed: 115.97 M/s, Avg Speed: 13.62 M/s, Max Resolution: 1920x1080
Category: 📡卫视频道, Name: 重庆卫视, Total: 9, Valid: 9, Valid Percent: 100.00%, Whitelist: 0, IPv4: 9, IPv6: 0, Min Delay: 18 ms, Max Speed: 115.97 M/s, Avg Speed: 15.09 M/s, Max Resolution: 1920x1080
Category: 📡卫视频道, Name: 东方卫视, Total: 9, Valid: 9, Valid Percent: 100.00%, Whitelist: 0, IPv4: 9, IPv6: 0, Min Delay: 46 ms, Max Speed: 115.97 M/s, Avg Speed: 15.03 M/s, Max Resolution: 1920x1080
Category: 📡卫视频道, Name: 东南卫视, Total: 7, Valid: 7, Valid Percent: 100.00%, Whitelist: 0, IPv4: 7, IPv6: 0, Min Delay: 46 ms, Max Speed: 115.97 M/s, Avg Speed: 18.46 M/s, Max Resolution: 1920x1080
Category: 📡卫视频道, Name: 甘肃卫视, Total: 5, Valid: 5, Valid Percent: 100.00%, Whitelist: 0, IPv4: 5, IPv6: 0, Min Delay: 46 ms, Max Speed: 115.97 M/s, Avg Speed: 25.11 M/s, Max Resolution: 1920x1080
Category: 📡卫视频道, Name: 广西卫视, Total: 9, Valid: 8, Valid Percent: 88.89%, Whitelist: 0, IPv4: 7, IPv6: 2, Min Delay: 46 ms, Max Speed: 115.97 M/s, Avg Speed: 16.88 M/s, Max Resolution: 1920x1080
Category: 📡卫视频道, Name: 贵州卫视, Total: 8, Valid: 8, Valid Percent: 100.00%, Whitelist: 0, IPv4: 8, IPv6: 0, Min Delay: 46 ms, Max Speed: 115.97 M/s, Avg Speed: 16.26 M/s, Max Resolution: 1920x1080
Category: 📡卫视频道, Name: 海南卫视, Total: 5, Valid: 5, Valid Percent: 100.00%, Whitelist: 0, IPv4: 5, IPv6: 0, Min Delay: 18 ms, Max Speed: 115.97 M/s, Avg Speed: 24.86 M/s, Max Resolution: 1920x1080
Category: 📡卫视频道, Name: 河北卫视, Total: 10, Valid: 10, Valid Percent: 100.00%, Whitelist: 0, IPv4: 10, IPv6: 0, Min Delay: 18 ms, Max Speed: 115.97 M/s, Avg Speed: 13.79 M/s, Max Resolution: 1920x1080
Category: 📡卫视频道, Name: 河南卫视, Total: 10, Valid: 10, Valid Percent: 100.00%, Whitelist: 0, IPv4: 10, IPv6: 0, Min Delay: 46 ms, Max Speed: 115.97 M/s, Avg Speed: 13.62 M/s, Max Resolution: 1920x1080
Category: 📡卫视频道, Name: 吉林卫视, Total: 8, Valid: 8, Valid Percent: 100.00%, Whitelist: 0, IPv4: 8, IPv6: 0, Min Delay: 46 ms, Max Speed: 115.97 M/s, Avg Speed: 16.26 M/s, Max Resolution: 1920x1080
Category: 📡卫视频道, Name: 江苏卫视, Total: 11, Valid: 11, Valid Percent: 100.00%, Whitelist: 0, IPv4: 11, IPv6: 0, Min Delay: 46 ms, Max Speed: 115.97 M/s, Avg Speed: 18.70 M/s, Max Resolution: 1920x1080
Category: 📡卫视频道, Name: 江西卫视, Total: 9, Valid: 9, Valid Percent: 100.00%, Whitelist: 0, IPv4: 9, IPv6: 0, Min Delay: 18 ms, Max Speed: 115.97 M/s, Avg Speed: 15.09 M/s, Max Resolution: 1920x1080
Category: 📡卫视频道, Name: 辽宁卫视, Total: 8, Valid: 8, Valid Percent: 100.00%, Whitelist: 0, IPv4: 8, IPv6: 0, Min Delay: 46 ms, Max Speed: 115.97 M/s, Avg Speed: 16.26 M/s, Max Resolution: 1920x1080
Category: 📡卫视频道, Name: 内蒙古卫视, Total: 10, Valid: 10, Valid Percent: 100.00%, Whitelist: 0, IPv4: 10, IPv6: 0, Min Delay: 18 ms, Max Speed: 115.97 M/s, Avg Speed: 13.72 M/s, Max Resolution: 1920x1080
Category: 📡卫视频道, Name: 宁夏卫视, Total: 7, Valid: 7, Valid Percent: 100.00%, Whitelist: 0, IPv4: 7, IPv6: 0, Min Delay: 46 ms, Max Speed: 115.97 M/s, Avg Speed: 18.53 M/s, Max Resolution: 1920x1080
Category: 📡卫视频道, Name: 青海卫视, Total: 11, Valid: 11, Valid Percent: 100.00%, Whitelist: 0, IPv4: 9, IPv6: 2, Min Delay: 18 ms, Max Speed: 115.97 M/s, Avg Speed: 12.51 M/s, Max Resolution: 1920x1080
Category: 📡卫视频道, Name: 山东卫视, Total: 9, Valid: 9, Valid Percent: 100.00%, Whitelist: 0, IPv4: 9, IPv6: 0, Min Delay: 46 ms, Max Speed: 115.97 M/s, Avg Speed: 14.68 M/s, Max Resolution: 1920x1080
Category: 📡卫视频道, Name: 山西卫视, Total: 8, Valid: 8, Valid Percent: 100.00%, Whitelist: 0, IPv4: 8, IPv6: 0, Min Delay: 18 ms, Max Speed: 115.97 M/s, Avg Speed: 16.92 M/s, Max Resolution: 1920x1080
Category: 📡卫视频道, Name: 陕西卫视, Total: 9, Valid: 9, Valid Percent: 100.00%, Whitelist: 0, IPv4: 9, IPv6: 0, Min Delay: 18 ms, Max Speed: 115.97 M/s, Avg Speed: 15.09 M/s, Max Resolution: 1920x1080
Category: 📡卫视频道, Name: 四川卫视, Total: 9, Valid: 9, Valid Percent: 100.00%, Whitelist: 0, IPv4: 9, IPv6: 0, Min Delay: 18 ms, Max Speed: 115.97 M/s, Avg Speed: 15.09 M/s, Max Resolution: 1920x1080
Category: 📡卫视频道, Name: 深圳卫视, Total: 10, Valid: 10, Valid Percent: 100.00%, Whitelist: 0, IPv4: 10, IPv6: 0, Min Delay: 46 ms, Max Speed: 115.97 M/s, Avg Speed: 13.62 M/s, Max Resolution: 1920x1080
Category: 📡卫视频道, Name: 三沙卫视, Total: 6, Valid: 6, Valid Percent: 100.00%, Whitelist: 0, IPv4: 6, IPv6: 0, Min Delay: 46 ms, Max Speed: 115.97 M/s, Avg Speed: 21.49 M/s, Max Resolution: 1920x1080
Category: 📡卫视频道, Name: 天津卫视, Total: 8, Valid: 8, Valid Percent: 100.00%, Whitelist: 0, IPv4: 8, IPv6: 0, Min Delay: 46 ms, Max Speed: 115.97 M/s, Avg Speed: 16.41 M/s, Max Resolution: 1920x1080
Category: 📡卫视频道, Name: 西藏卫视, Total: 7, Valid: 7, Valid Percent: 100.00%, Whitelist: 0, IPv4: 7, IPv6: 0, Min Delay: 18 ms, Max Speed: 115.97 M/s, Avg Speed: 18.99 M/s, Max Resolution: 1920x1080
Category: 📡卫视频道, Name: 新疆卫视, Total: 9, Valid: 9, Valid Percent: 100.00%, Whitelist: 0, IPv4: 9, IPv6: 0, Min Delay: 18 ms, Max Speed: 115.97 M/s, Avg Speed: 15.09 M/s, Max Resolution: 1920x1080
Category: 📡卫视频道, Name: 云南卫视, Total: 8, Valid: 8, Valid Percent: 100.00%, Whitelist: 0, IPv4: 8, IPv6: 0, Min Delay: 46 ms, Max Speed: 115.97 M/s, Avg Speed: 16.26 M/s, Max Resolution: 1920x1080
